// Jest Snapshot v1, https://goo.gl/fbAQLP

exports[`>>> DailyForecast Component renders as expected 1`] = `
<div>
  <div
    className="cityName"
  >
    Lviv
  </div>
  <div
    className="dayWeather"
  >
    <div
      className="dayDetails"
    >
      <span>
        Monday
      </span>
      <span>
        7-1-2019
      </span>
    </div>
    <div
      className="hourlyDetails"
    >
      <span>
        21:00
      </span>
      <span>
        Snow
      </span>
      <span>
        -14.21°C
      </span>
      <span>
        <img
          alt="light snow"
          className="rounded-circle"
          height="50"
          src="http://openweathermap.org/img/w/13n.png"
          width="50"
        />
      </span>
      <span>
        light snow
      </span>
      <span>
        82
      </span>
      <span>
        1004.95
      </span>
      <span>
        68
      </span>
      <span>
        1.41
      </span>
      <span>
        231.506
      </span>
    </div>
  </div>
  <div
    className="dayWeather"
  >
    <div
      className="dayDetails"
    >
      <span>
        Tuesday
      </span>
      <span>
        8-1-2019
      </span>
    </div>
    <div
      className="hourlyDetails"
    >
      <span>
        0:00
      </span>
      <span>
        Snow
      </span>
      <span>
        -14.38°C
      </span>
      <span>
        <img
          alt="light snow"
          className="rounded-circle"
          height="50"
          src="http://openweathermap.org/img/w/13n.png"
          width="50"
        />
      </span>
      <span>
        light snow
      </span>
      <span>
        84
      </span>
      <span>
        1002.2
      </span>
      <span>
        8
      </span>
      <span>
        2.27
      </span>
      <span>
        168
      </span>
    </div>
    <div
      className="hourlyDetails"
    >
      <span>
        3:00
      </span>
      <span>
        Clear
      </span>
      <span>
        -15.23°C
      </span>
      <span>
        <img
          alt="clear sky"
          className="rounded-circle"
          height="50"
          src="http://openweathermap.org/img/w/01n.png"
          width="50"
        />
      </span>
      <span>
        clear sky
      </span>
      <span>
        77
      </span>
      <span>
        999.09
      </span>
      <span>
        0
      </span>
      <span>
        3.9
      </span>
      <span>
        165
      </span>
    </div>
  </div>
</div>
`;
